Archive member included to satisfy reference by file (symbol)

/usr/local/Caskroom/gcc-arm-embedded/7-2018-q2-update/gcc-arm-none-eabi-7-2018-q2-update/bin/../lib/gcc/arm-none-eabi/7.3.1/thumb/v6-m/libgcc.a(_thumb1_case_uqi.o)
                              build/escornabot_makech/hid.o (__gnu_thumb1_case_uqi)
/usr/local/Caskroom/gcc-arm-embedded/7-2018-q2-update/gcc-arm-none-eabi-7-2018-q2-update/bin/../lib/gcc/arm-none-eabi/7.3.1/../../../../arm-none-eabi/lib/thumb/v6-m/libg_nano.a(lib_a-memcpy-stub.o)
                              build/escornabot_makech/cdc_enumerate.o (memcpy)
/usr/local/Caskroom/gcc-arm-embedded/7-2018-q2-update/gcc-arm-none-eabi-7-2018-q2-update/bin/../lib/gcc/arm-none-eabi/7.3.1/../../../../arm-none-eabi/lib/thumb/v6-m/libg_nano.a(lib_a-memset.o)
                              build/escornabot_makech/cdc_enumerate.o (memset)
/usr/local/Caskroom/gcc-arm-embedded/7-2018-q2-update/gcc-arm-none-eabi-7-2018-q2-update/bin/../lib/gcc/arm-none-eabi/7.3.1/../../../../arm-none-eabi/lib/thumb/v6-m/libg_nano.a(lib_a-strlen.o)
                              build/escornabot_makech/cdc_enumerate.o (strlen)

Allocating common symbols
Common symbol       size              file

b_sharp_received    0x1               build/escornabot_makech/usart_sam_ba.o
timerHigh           0x4               build/escornabot_makech/utils.o
j                   0x1               build/escornabot_makech/sam_ba_monitor.o
idx_rx_write        0x1               build/escornabot_makech/usart_sam_ba.o
size_of_data        0x2               build/escornabot_makech/usart_sam_ba.o
ctrlOutCache        0x44              build/escornabot_makech/cdc_enumerate.o
length              0x4               build/escornabot_makech/sam_ba_monitor.o
ptr                 0x4               build/escornabot_makech/sam_ba_monitor.o
command             0x1               build/escornabot_makech/sam_ba_monitor.o
resetHorizon        0x4               build/escornabot_makech/utils.o
idx_tx_read         0x1               build/escornabot_makech/usart_sam_ba.o
i                   0x4               build/escornabot_makech/sam_ba_monitor.o
buffer_tx_usart     0x80              build/escornabot_makech/usart_sam_ba.o
error_timeout       0x1               build/escornabot_makech/usart_sam_ba.o
usb_endpoint_table  0x100             build/escornabot_makech/cdc_enumerate.o
data                0x41              build/escornabot_makech/sam_ba_monitor.o
mode_of_transfer    0x1               build/escornabot_makech/usart_sam_ba.o
ptr_data            0x4               build/escornabot_makech/sam_ba_monitor.o
idx_rx_read         0x1               build/escornabot_makech/usart_sam_ba.o
sp                  0x4               build/escornabot_makech/sam_ba_monitor.o
current_number      0x4               build/escornabot_makech/sam_ba_monitor.o
idx_tx_write        0x1               build/escornabot_makech/usart_sam_ba.o
endpointCache       0x220             build/escornabot_makech/cdc_enumerate.o
u32tmp              0x4               build/escornabot_makech/sam_ba_monitor.o
buffer_rx_usart     0x80              build/escornabot_makech/usart_sam_ba.o

Discarded input sections

 .text          0x0000000000000000        0x0 build/escornabot_makech/flash_samd21.o
 .data          0x0000000000000000        0x0 build/escornabot_makech/flash_samd21.o
 .bss           0x0000000000000000        0x0 build/escornabot_makech/flash_samd21.o
 .text.flash_write
                0x0000000000000000       0x9c build/escornabot_makech/flash_samd21.o
 .text          0x0000000000000000        0x0 build/escornabot_makech/init_samd21.o
 .data          0x0000000000000000        0x0 build/escornabot_makech/init_samd21.o
 .bss           0x0000000000000000        0x0 build/escornabot_makech/init_samd21.o
 .data.g_interrupt_enabled
                0x0000000000000000        0x1 build/escornabot_makech/init_samd21.o
 .text          0x0000000000000000        0x0 build/escornabot_makech/startup_samd21.o
 .data          0x0000000000000000        0x0 build/escornabot_makech/startup_samd21.o
 .bss           0x0000000000000000        0x0 build/escornabot_makech/startup_samd21.o
 .text          0x0000000000000000        0x0 build/escornabot_makech/usart_sam_ba.o
 .data          0x0000000000000000        0x0 build/escornabot_makech/usart_sam_ba.o
 .bss           0x0000000000000000        0x0 build/escornabot_makech/usart_sam_ba.o
 .text.usart_open
                0x0000000000000000       0xbc build/escornabot_makech/usart_sam_ba.o
 .text.usart_close
                0x0000000000000000       0x10 build/escornabot_makech/usart_sam_ba.o
 .text.usart_putc
                0x0000000000000000       0x14 build/escornabot_makech/usart_sam_ba.o
 .text.usart_is_rx_ready
                0x0000000000000000       0x10 build/escornabot_makech/usart_sam_ba.o
 .text.usart_getc
                0x0000000000000000       0x18 build/escornabot_makech/usart_sam_ba.o
 .text.usart_sharp_received
                0x0000000000000000       0x1a build/escornabot_makech/usart_sam_ba.o
 .text.usart_readc
                0x0000000000000000       0x20 build/escornabot_makech/usart_sam_ba.o
 .text.usart_putdata
                0x0000000000000000       0x1a build/escornabot_makech/usart_sam_ba.o
 .text.usart_getdata
                0x0000000000000000        0xe build/escornabot_makech/usart_sam_ba.o
 .text.getbytes
                0x0000000000000000       0x60 build/escornabot_makech/usart_sam_ba.o
 .text.getPacket
                0x0000000000000000       0x70 build/escornabot_makech/usart_sam_ba.o
 .text.usart_putdata_xmd
                0x0000000000000000      0x10c build/escornabot_makech/usart_sam_ba.o
 .text.usart_getdata_xmd
                0x0000000000000000       0xa4 build/escornabot_makech/usart_sam_ba.o
 COMMON         0x0000000000000000      0x109 build/escornabot_makech/usart_sam_ba.o
 .text          0x0000000000000000        0x0 build/escornabot_makech/screen.o
 .data          0x0000000000000000        0x0 build/escornabot_makech/screen.o
 .bss           0x0000000000000000        0x0 build/escornabot_makech/screen.o
 .debug_info    0x0000000000000000      0x8f2 build/escornabot_makech/screen.o
 .debug_abbrev  0x0000000000000000      0x197 build/escornabot_makech/screen.o
 .debug_aranges
                0x0000000000000000       0x18 build/escornabot_makech/screen.o
 .debug_line    0x0000000000000000      0x20f build/escornabot_makech/screen.o
 .debug_str     0x0000000000000000      0x5da build/escornabot_makech/screen.o
 .comment       0x0000000000000000       0x80 build/escornabot_makech/screen.o
 .ARM.attributes
                0x0000000000000000       0x32 build/escornabot_makech/screen.o
 .text          0x0000000000000000        0x0 build/escornabot_makech/images.o
 .data          0x0000000000000000        0x0 build/escornabot_makech/images.o
 .bss           0x0000000000000000        0x0 build/escornabot_makech/images.o
 .rodata.arrowLogo
                0x0000000000000000       0x39 build/escornabot_makech/images.o
 .rodata.fileLogo
                0x0000000000000000       0x4a build/escornabot_makech/images.o
 .rodata.font8  0x0000000000000000      0x240 build/escornabot_makech/images.o
 .rodata.pendriveLogo
                0x0000000000000000       0x3e build/escornabot_makech/images.o
 .debug_info    0x0000000000000000      0x118 build/escornabot_makech/images.o
 .debug_abbrev  0x0000000000000000       0x66 build/escornabot_makech/images.o
 .debug_aranges
                0x0000000000000000       0x18 build/escornabot_makech/images.o
 .debug_line    0x0000000000000000      0x138 build/escornabot_makech/images.o
 .debug_str     0x0000000000000000      0x1cb build/escornabot_makech/images.o
 .comment       0x0000000000000000       0x80 build/escornabot_makech/images.o
 .ARM.attributes
                0x0000000000000000       0x32 build/escornabot_makech/images.o
 .text          0x0000000000000000        0x0 build/escornabot_makech/utils.o
 .data          0x0000000000000000        0x0 build/escornabot_makech/utils.o
 .bss           0x0000000000000000        0x0 build/escornabot_makech/utils.o
 .text.panic    0x0000000000000000        0x2 build/escornabot_makech/utils.o
 .text          0x0000000000000000        0x0 build/escornabot_makech/cdc_enumerate.o
 .data          0x0000000000000000        0x0 build/escornabot_makech/cdc_enumerate.o
 .bss           0x0000000000000000        0x0 build/escornabot_makech/cdc_enumerate.o
 .text.reset_ep
                0x0000000000000000       0x24 build/escornabot_makech/cdc_enumerate.o
 .text.stall_ep
                0x0000000000000000       0x20 build/escornabot_makech/cdc_enumerate.o
 .text.cdc_is_rx_ready
                0x0000000000000000       0x20 build/escornabot_makech/cdc_enumerate.o
 .text          0x0000000000000000        0x0 build/escornabot_makech/fat.o
 .data          0x0000000000000000        0x0 build/escornabot_makech/fat.o
 .bss           0x0000000000000000        0x0 build/escornabot_makech/fat.o
 .text          0x0000000000000000        0x0 build/escornabot_makech/main.o
 .data          0x0000000000000000        0x0 build/escornabot_makech/main.o
 .bss           0x0000000000000000        0x0 build/escornabot_makech/main.o
 .text          0x0000000000000000        0x0 build/escornabot_makech/msc.o
 .data          0x0000000000000000        0x0 build/escornabot_makech/msc.o
 .bss           0x0000000000000000        0x0 build/escornabot_makech/msc.o
 .text.msc_reset
                0x0000000000000000       0x1c build/escornabot_makech/msc.o
 .text.udd_ep_set_halt
                0x0000000000000000       0x10 build/escornabot_makech/msc.o
 .bss.mscReset  0x0000000000000000        0x1 build/escornabot_makech/msc.o
 .text          0x0000000000000000        0x0 build/escornabot_makech/sam_ba_monitor.o
 .data          0x0000000000000000        0x0 build/escornabot_makech/sam_ba_monitor.o
 .bss           0x0000000000000000        0x0 build/escornabot_makech/sam_ba_monitor.o
 .text.sam_ba_monitor_init
                0x0000000000000000        0x2 build/escornabot_makech/sam_ba_monitor.o
 .text.sam_ba_putdata_term
                0x0000000000000000        0x8 build/escornabot_makech/sam_ba_monitor.o
 .text          0x0000000000000000        0x0 build/escornabot_makech/uart_driver.o
 .data          0x0000000000000000        0x0 build/escornabot_makech/uart_driver.o
 .bss           0x0000000000000000        0x0 build/escornabot_makech/uart_driver.o
 .text.uart_get_sercom_index
                0x0000000000000000       0x30 build/escornabot_makech/uart_driver.o
 .text.uart_basic_init
                0x0000000000000000       0x58 build/escornabot_makech/uart_driver.o
 .text.uart_disable
                0x0000000000000000       0x10 build/escornabot_makech/uart_driver.o
 .text.uart_write_byte
                0x0000000000000000        0xc build/escornabot_makech/uart_driver.o
 .text.uart_read_byte
                0x0000000000000000       0x28 build/escornabot_makech/uart_driver.o
 .text.uart_write_buffer_polled
                0x0000000000000000       0x20 build/escornabot_makech/uart_driver.o
 .text.uart_read_buffer_polled
                0x0000000000000000       0x3c build/escornabot_makech/uart_driver.o
 .rodata        0x0000000000000000       0x18 build/escornabot_makech/uart_driver.o
 .bss.uart_drv_error_flag
                0x0000000000000000        0x1 build/escornabot_makech/uart_driver.o
 .debug_info    0x0000000000000000     0x2658 build/escornabot_makech/uart_driver.o
 .debug_abbrev  0x0000000000000000      0x2ad build/escornabot_makech/uart_driver.o
 .debug_loc     0x0000000000000000      0x135 build/escornabot_makech/uart_driver.o
 .debug_aranges
                0x0000000000000000       0x50 build/escornabot_makech/uart_driver.o
 .debug_ranges  0x0000000000000000       0x40 build/escornabot_makech/uart_driver.o
 .debug_line    0x0000000000000000      0x36d build/escornabot_makech/uart_driver.o
 .debug_str     0x0000000000000000      0xdf4 build/escornabot_makech/uart_driver.o
 .comment       0x0000000000000000       0x80 build/escornabot_makech/uart_driver.o
 .debug_frame   0x0000000000000000       0xac build/escornabot_makech/uart_driver.o
 .ARM.attributes
                0x0000000000000000       0x32 build/escornabot_makech/uart_driver.o
 .text          0x0000000000000000        0x0 build/escornabot_makech/hid.o
 .data          0x0000000000000000        0x0 build/escornabot_makech/hid.o
 .bss           0x0000000000000000        0x0 build/escornabot_makech/hid.o
 .data          0x0000000000000000        0x0 /usr/local/Caskroom/gcc-arm-embedded/7-2018-q2-update/gcc-arm-none-eabi-7-2018-q2-update/bin/../lib/gcc/arm-none-eabi/7.3.1/thumb/v6-m/libgcc.a(_thumb1_case_uqi.o)
 .bss           0x0000000000000000        0x0 /usr/local/Caskroom/gcc-arm-embedded/7-2018-q2-update/gcc-arm-none-eabi-7-2018-q2-update/bin/../lib/gcc/arm-none-eabi/7.3.1/thumb/v6-m/libgcc.a(_thumb1_case_uqi.o)
 .text          0x0000000000000000        0x0 /usr/local/Caskroom/gcc-arm-embedded/7-2018-q2-update/gcc-arm-none-eabi-7-2018-q2-update/bin/../lib/gcc/arm-none-eabi/7.3.1/../../../../arm-none-eabi/lib/thumb/v6-m/libg_nano.a(lib_a-memcpy-stub.o)
 .data          0x0000000000000000        0x0 /usr/local/Caskroom/gcc-arm-embedded/7-2018-q2-update/gcc-arm-none-eabi-7-2018-q2-update/bin/../lib/gcc/arm-none-eabi/7.3.1/../../../../arm-none-eabi/lib/thumb/v6-m/libg_nano.a(lib_a-memcpy-stub.o)
 .bss           0x0000000000000000        0x0 /usr/local/Caskroom/gcc-arm-embedded/7-2018-q2-update/gcc-arm-none-eabi-7-2018-q2-update/bin/../lib/gcc/arm-none-eabi/7.3.1/../../../../arm-none-eabi/lib/thumb/v6-m/libg_nano.a(lib_a-memcpy-stub.o)
 .text          0x0000000000000000        0x0 /usr/local/Caskroom/gcc-arm-embedded/7-2018-q2-update/gcc-arm-none-eabi-7-2018-q2-update/bin/../lib/gcc/arm-none-eabi/7.3.1/../../../../arm-none-eabi/lib/thumb/v6-m/libg_nano.a(lib_a-memset.o)
 .data          0x0000000000000000        0x0 /usr/local/Caskroom/gcc-arm-embedded/7-2018-q2-update/gcc-arm-none-eabi-7-2018-q2-update/bin/../lib/gcc/arm-none-eabi/7.3.1/../../../../arm-none-eabi/lib/thumb/v6-m/libg_nano.a(lib_a-memset.o)
 .bss           0x0000000000000000        0x0 /usr/local/Caskroom/gcc-arm-embedded/7-2018-q2-update/gcc-arm-none-eabi-7-2018-q2-update/bin/../lib/gcc/arm-none-eabi/7.3.1/../../../../arm-none-eabi/lib/thumb/v6-m/libg_nano.a(lib_a-memset.o)
 .data          0x0000000000000000        0x0 /usr/local/Caskroom/gcc-arm-embedded/7-2018-q2-update/gcc-arm-none-eabi-7-2018-q2-update/bin/../lib/gcc/arm-none-eabi/7.3.1/../../../../arm-none-eabi/lib/thumb/v6-m/libg_nano.a(lib_a-strlen.o)
 .bss           0x0000000000000000        0x0 /usr/local/Caskroom/gcc-arm-embedded/7-2018-q2-update/gcc-arm-none-eabi-7-2018-q2-update/bin/../lib/gcc/arm-none-eabi/7.3.1/../../../../arm-none-eabi/lib/thumb/v6-m/libg_nano.a(lib_a-strlen.o)

Memory Configuration

Name             Origin             Length             Attributes
rom              0x0000000000000000 0x0000000000002000 xr
ram              0x0000000020000000 0x0000000000008000 xrw
*default*        0x0000000000000000 0xffffffffffffffff

Linker script and memory map

LOAD build/escornabot_makech/flash_samd21.o
LOAD build/escornabot_makech/init_samd21.o
LOAD build/escornabot_makech/startup_samd21.o
LOAD build/escornabot_makech/usart_sam_ba.o
LOAD build/escornabot_makech/screen.o
LOAD build/escornabot_makech/images.o
LOAD build/escornabot_makech/utils.o
LOAD build/escornabot_makech/cdc_enumerate.o
LOAD build/escornabot_makech/fat.o
LOAD build/escornabot_makech/main.o
LOAD build/escornabot_makech/msc.o
LOAD build/escornabot_makech/sam_ba_monitor.o
LOAD build/escornabot_makech/uart_driver.o
LOAD build/escornabot_makech/hid.o
START GROUP
LOAD /usr/local/Caskroom/gcc-arm-embedded/7-2018-q2-update/gcc-arm-none-eabi-7-2018-q2-update/bin/../lib/gcc/arm-none-eabi/7.3.1/thumb/v6-m/libgcc.a
LOAD /usr/local/Caskroom/gcc-arm-embedded/7-2018-q2-update/gcc-arm-none-eabi-7-2018-q2-update/bin/../lib/gcc/arm-none-eabi/7.3.1/../../../../arm-none-eabi/lib/thumb/v6-m/libg_nano.a
LOAD /usr/local/Caskroom/gcc-arm-embedded/7-2018-q2-update/gcc-arm-none-eabi-7-2018-q2-update/bin/../lib/gcc/arm-none-eabi/7.3.1/../../../../arm-none-eabi/lib/thumb/v6-m/libc_nano.a
END GROUP
START GROUP
LOAD /usr/local/Caskroom/gcc-arm-embedded/7-2018-q2-update/gcc-arm-none-eabi-7-2018-q2-update/bin/../lib/gcc/arm-none-eabi/7.3.1/thumb/v6-m/libgcc.a
LOAD /usr/local/Caskroom/gcc-arm-embedded/7-2018-q2-update/gcc-arm-none-eabi-7-2018-q2-update/bin/../lib/gcc/arm-none-eabi/7.3.1/../../../../arm-none-eabi/lib/thumb/v6-m/libc_nano.a
LOAD /usr/local/Caskroom/gcc-arm-embedded/7-2018-q2-update/gcc-arm-none-eabi-7-2018-q2-update/bin/../lib/gcc/arm-none-eabi/7.3.1/../../../../arm-none-eabi/lib/thumb/v6-m/libnosys.a
END GROUP
START GROUP
LOAD /usr/local/Caskroom/gcc-arm-embedded/7-2018-q2-update/gcc-arm-none-eabi-7-2018-q2-update/bin/../lib/gcc/arm-none-eabi/7.3.1/thumb/v6-m/libgcc.a
LOAD /usr/local/Caskroom/gcc-arm-embedded/7-2018-q2-update/gcc-arm-none-eabi-7-2018-q2-update/bin/../lib/gcc/arm-none-eabi/7.3.1/../../../../arm-none-eabi/lib/thumb/v6-m/libc_nano.a
LOAD /usr/local/Caskroom/gcc-arm-embedded/7-2018-q2-update/gcc-arm-none-eabi-7-2018-q2-update/bin/../lib/gcc/arm-none-eabi/7.3.1/../../../../arm-none-eabi/lib/thumb/v6-m/libnosys.a
END GROUP
                0x0000000000002000                STACK_SIZE = DEFINED (STACK_SIZE)?STACK_SIZE:DEFINED (__stack_size__)?__stack_size__:0x2000

.text           0x0000000000000000     0x1c8c
                0x0000000000000000                . = ALIGN (0x4)
                0x0000000000000000                _sfixed = .
 *(.vectors .vectors.*)
 .vectors       0x0000000000000000       0xb4 build/escornabot_makech/startup_samd21.o
                0x0000000000000000                exception_table
 *(.text .text.* .gnu.linkonce.t.*)
 .text.flash_erase_row
                0x00000000000000b4       0x28 build/escornabot_makech/flash_samd21.o
                0x00000000000000b4                flash_erase_row
 .text.flash_erase_to_end
                0x00000000000000dc       0x1c build/escornabot_makech/flash_samd21.o
                0x00000000000000dc                flash_erase_to_end
 .text.copy_words
                0x00000000000000f8       0x14 build/escornabot_makech/flash_samd21.o
                0x00000000000000f8                copy_words
 .text.flash_write_words
                0x000000000000010c       0x54 build/escornabot_makech/flash_samd21.o
                0x000000000000010c                flash_write_words
 .text.flash_write_row
                0x0000000000000160       0x2e build/escornabot_makech/flash_samd21.o
                0x0000000000000160                flash_write_row
 *fill*         0x000000000000018e        0x2 
 .text.gclk_sync
                0x0000000000000190       0x10 build/escornabot_makech/init_samd21.o
 .text.dfll_sync
                0x00000000000001a0       0x10 build/escornabot_makech/init_samd21.o
 .text.system_init
                0x00000000000001b0       0xcc build/escornabot_makech/init_samd21.o
                0x00000000000001b0                system_init
 .text.SysTick_Handler
                0x000000000000027c        0x8 build/escornabot_makech/init_samd21.o
                0x000000000000027c                SysTick_Handler
 .text.Dummy_Handler
                0x0000000000000284        0x2 build/escornabot_makech/startup_samd21.o
                0x0000000000000284                SYSCTRL_Handler
                0x0000000000000284                AC_Handler
                0x0000000000000284                PendSV_Handler
                0x0000000000000284                NMI_Handler
                0x0000000000000284                SERCOM1_Handler
                0x0000000000000284                ADC_Handler
                0x0000000000000284                TCC1_Handler
                0x0000000000000284                SERCOM2_Handler
                0x0000000000000284                TCC0_Handler
                0x0000000000000284                RTC_Handler
                0x0000000000000284                EIC_Handler
                0x0000000000000284                WDT_Handler
                0x0000000000000284                TC4_Handler
                0x0000000000000284                USB_Handler
                0x0000000000000284                TC3_Handler
                0x0000000000000284                Dummy_Handler
                0x0000000000000284                PM_Handler
                0x0000000000000284                SERCOM5_Handler
                0x0000000000000284                SVC_Handler
                0x0000000000000284                TCC2_Handler
                0x0000000000000284                EVSYS_Handler
                0x0000000000000284                SERCOM3_Handler
                0x0000000000000284                SERCOM4_Handler
                0x0000000000000284                I2S_Handler
                0x0000000000000284                NVMCTRL_Handler
                0x0000000000000284                SERCOM0_Handler
                0x0000000000000284                DAC_Handler
                0x0000000000000284                PTC_Handler
                0x0000000000000284                TC5_Handler
                0x0000000000000284                DMAC_Handler
 .text.HardFault_Handler
                0x0000000000000286        0x2 build/escornabot_makech/startup_samd21.o
                0x0000000000000286                HardFault_Handler
 .text.Reset_Handler
                0x0000000000000288       0xb0 build/escornabot_makech/startup_samd21.o
                0x0000000000000288                Reset_Handler
 .text.add_crc  0x0000000000000338       0x54 build/escornabot_makech/usart_sam_ba.o
                0x0000000000000338                add_crc
 .text.delay    0x000000000000038c       0x10 build/escornabot_makech/utils.o
                0x000000000000038c                delay
 .text.writeNum
                0x000000000000039c       0x38 build/escornabot_makech/utils.o
                0x000000000000039c                writeNum
 .text.resetIntoApp
                0x00000000000003d4       0x28 build/escornabot_makech/utils.o
                0x00000000000003d4                resetIntoApp
 .text.timerTick
                0x00000000000003fc       0x40 build/escornabot_makech/utils.o
                0x00000000000003fc                timerTick
 .text.resetIntoBootloader
                0x000000000000043c       0x28 build/escornabot_makech/utils.o
                0x000000000000043c                resetIntoBootloader
 .text.led_tick
                0x0000000000000464       0x78 build/escornabot_makech/utils.o
                0x0000000000000464                led_tick
 .text.led_signal
                0x00000000000004dc       0x28 build/escornabot_makech/utils.o
                0x00000000000004dc                led_signal
 .text.led_init
                0x0000000000000504       0x10 build/escornabot_makech/utils.o
                0x0000000000000504                led_init
 .text.RGBLED_set_color
                0x0000000000000514        0x2 build/escornabot_makech/utils.o
                0x0000000000000514                RGBLED_set_color
 *fill*         0x0000000000000516        0x2 
 .text.AT91F_InitUSB
                0x0000000000000518      0x108 build/escornabot_makech/cdc_enumerate.o
                0x0000000000000518                AT91F_InitUSB
 .text.USB_ReadCore
                0x0000000000000620       0xe0 build/escornabot_makech/cdc_enumerate.o
                0x0000000000000620                USB_ReadCore
 .text.USB_Read
                0x0000000000000700        0xa build/escornabot_makech/cdc_enumerate.o
                0x0000000000000700                USB_Read
 .text.USB_ReadBlocking
                0x000000000000070a       0x22 build/escornabot_makech/cdc_enumerate.o
                0x000000000000070a                USB_ReadBlocking
 .text.USB_WriteCore
                0x000000000000072c       0x94 build/escornabot_makech/cdc_enumerate.o
                0x000000000000072c                USB_WriteCore
 .text.USB_Write
                0x00000000000007c0        0xa build/escornabot_makech/cdc_enumerate.o
                0x00000000000007c0                USB_Write
 *fill*         0x00000000000007ca        0x2 
 .text.sendCtrl
                0x00000000000007cc       0x1c build/escornabot_makech/cdc_enumerate.o
 .text.AT91F_USB_SendZlp
                0x00000000000007e8       0x10 build/escornabot_makech/cdc_enumerate.o
                0x00000000000007e8                AT91F_USB_SendZlp
 .text.USB_Ok   0x00000000000007f8      0x4ec build/escornabot_makech/cdc_enumerate.o
                0x00000000000007f8                USB_Ok
 .text.usb_init
                0x0000000000000ce4       0x20 build/escornabot_makech/cdc_enumerate.o
                0x0000000000000ce4                usb_init
 .text.cdc_write_buf
                0x0000000000000d04        0xe build/escornabot_makech/cdc_enumerate.o
                0x0000000000000d04                cdc_write_buf
 .text.cdc_write_buf_xmd
                0x0000000000000d12        0xe build/escornabot_makech/cdc_enumerate.o
                0x0000000000000d12                cdc_write_buf_xmd
 .text.cdc_read_buf
                0x0000000000000d20       0x1e build/escornabot_makech/cdc_enumerate.o
                0x0000000000000d20                cdc_read_buf
 .text.cdc_read_buf_xmd
                0x0000000000000d3e       0x22 build/escornabot_makech/cdc_enumerate.o
                0x0000000000000d3e                cdc_read_buf_xmd
 .text.padded_memcpy
                0x0000000000000d60       0x20 build/escornabot_makech/fat.o
                0x0000000000000d60                padded_memcpy
 .text.read_block
                0x0000000000000d80      0x178 build/escornabot_makech/fat.o
                0x0000000000000d80                read_block
 .text.write_block
                0x0000000000000ef8       0xe8 build/escornabot_makech/fat.o
                0x0000000000000ef8                write_block
 .text.startup.main
                0x0000000000000fe0      0x120 build/escornabot_makech/main.o
                0x0000000000000fe0                main
 .text.udi_msc_clear_sense
                0x0000000000001100       0x1c build/escornabot_makech/msc.o
 .text.handover_flash
                0x000000000000111c       0x34 build/escornabot_makech/msc.o
 .text.try_read_cbw
                0x0000000000001150       0x2c build/escornabot_makech/msc.o
                0x0000000000001150                try_read_cbw
 .text.udi_msc_csw_send
                0x000000000000117c       0x14 build/escornabot_makech/msc.o
                0x000000000000117c                udi_msc_csw_send
 .text.udi_msc_csw_process
                0x0000000000001190       0x38 build/escornabot_makech/msc.o
 .text.udi_msc_data_send
                0x00000000000011c8       0x6c build/escornabot_makech/msc.o
 .text.udi_msc_spc_mode_sense
                0x0000000000001234       0x70 build/escornabot_makech/msc.o
 .text.udi_msc_sbc_trans
                0x00000000000012a4       0xc8 build/escornabot_makech/msc.o
 .text.process_msc
                0x000000000000136c      0x140 build/escornabot_makech/msc.o
                0x000000000000136c                process_msc
 .text.handoverPrep
                0x00000000000014ac       0x24 build/escornabot_makech/msc.o
                0x00000000000014ac                handoverPrep
 .text.handover
                0x00000000000014d0       0xe4 build/escornabot_makech/msc.o
 .text.call_applet
                0x00000000000015b4       0x24 build/escornabot_makech/sam_ba_monitor.o
                0x00000000000015b4                call_applet
 .text.put_uint32
                0x00000000000015d8       0x16 build/escornabot_makech/sam_ba_monitor.o
                0x00000000000015d8                put_uint32
 *fill*         0x00000000000015ee        0x2 
 .text.sam_ba_monitor_run
                0x00000000000015f0      0x254 build/escornabot_makech/sam_ba_monitor.o
                0x00000000000015f0                sam_ba_monitor_run
 .text.recv_hf2
                0x0000000000001844       0x56 build/escornabot_makech/hid.o
                0x0000000000001844                recv_hf2
 .text.send_hf2
                0x000000000000189a       0x46 build/escornabot_makech/hid.o
                0x000000000000189a                send_hf2
 .text.send_hf2_response
                0x00000000000018e0       0x14 build/escornabot_makech/hid.o
                0x00000000000018e0                send_hf2_response
 .text.process_core
                0x00000000000018f4       0xf8 build/escornabot_makech/hid.o
                0x00000000000018f4                process_core
 .text.process_hid
                0x00000000000019ec       0x28 build/escornabot_makech/hid.o
                0x00000000000019ec                process_hid
 .text.hidHandoverLoop
                0x0000000000001a14       0x24 build/escornabot_makech/hid.o
                0x0000000000001a14                hidHandoverLoop
 .text          0x0000000000001a38       0x14 /usr/local/Caskroom/gcc-arm-embedded/7-2018-q2-update/gcc-arm-none-eabi-7-2018-q2-update/bin/../lib/gcc/arm-none-eabi/7.3.1/thumb/v6-m/libgcc.a(_thumb1_case_uqi.o)
                0x0000000000001a38                __gnu_thumb1_case_uqi
 .text.memcpy   0x0000000000001a4c       0x12 /usr/local/Caskroom/gcc-arm-embedded/7-2018-q2-update/gcc-arm-none-eabi-7-2018-q2-update/bin/../lib/gcc/arm-none-eabi/7.3.1/../../../../arm-none-eabi/lib/thumb/v6-m/libg_nano.a(lib_a-memcpy-stub.o)
                0x0000000000001a4c                memcpy
 .text.memset   0x0000000000001a5e       0x10 /usr/local/Caskroom/gcc-arm-embedded/7-2018-q2-update/gcc-arm-none-eabi-7-2018-q2-update/bin/../lib/gcc/arm-none-eabi/7.3.1/../../../../arm-none-eabi/lib/thumb/v6-m/libg_nano.a(lib_a-memset.o)
                0x0000000000001a5e                memset
 .text          0x0000000000001a6e        0xe /usr/local/Caskroom/gcc-arm-embedded/7-2018-q2-update/gcc-arm-none-eabi-7-2018-q2-update/bin/../lib/gcc/arm-none-eabi/7.3.1/../../../../arm-none-eabi/lib/thumb/v6-m/libg_nano.a(lib_a-strlen.o)
                0x0000000000001a6e                strlen
 *(.glue_7t)
 .glue_7t       0x0000000000001a7c        0x0 linker stubs
 *(.glue_7)
 .glue_7        0x0000000000001a7c        0x0 linker stubs
 *(.rodata .rodata* .gnu.linkonce.r.*)
 .rodata        0x0000000000001a7c       0x10 build/escornabot_makech/cdc_enumerate.o
 .rodata.devDescriptor
                0x0000000000001a8c       0x12 build/escornabot_makech/cdc_enumerate.o
                0x0000000000001a8c                devDescriptor
 *fill*         0x0000000000001a9e        0x2 
 .rodata.hidDescriptor
                0x0000000000001aa0       0x21 build/escornabot_makech/cdc_enumerate.o
                0x0000000000001aa0                hidDescriptor
 .rodata.str1.1
                0x0000000000001ac1       0x22 build/escornabot_makech/cdc_enumerate.o
 *fill*         0x0000000000001ae3        0x1 
 .rodata.string_descriptors
                0x0000000000001ae4       0x10 build/escornabot_makech/cdc_enumerate.o
 .rodata.BootBlock
                0x0000000000001af4       0x3e build/escornabot_makech/fat.o
 .rodata.indexFile
                0x0000000000001b32       0x6e build/escornabot_makech/fat.o
                0x0000000000001b32                indexFile
 .rodata.info   0x0000000000001ba0       0x30 build/escornabot_makech/fat.o
 .rodata.infoUf2File
                0x0000000000001bd0       0x76 build/escornabot_makech/fat.o
                0x0000000000001bd0                infoUf2File
 .rodata        0x0000000000001c46        0xc build/escornabot_makech/msc.o
 .rodata.process_msc.str1.1
                0x0000000000001c52       0x12 build/escornabot_makech/msc.o
 .rodata.fullVersion
                0x0000000000001c52       0x2a build/escornabot_makech/sam_ba_monitor.o
 .rodata.sam_ba_monitor_run.str1.1
                0x0000000000001c7c       0x10 build/escornabot_makech/sam_ba_monitor.o
 *(.ARM.extab* .gnu.linkonce.armextab.*)
                0x0000000000001c8c                . = ALIGN (0x4)
 *(.init)
                0x0000000000001c8c                . = ALIGN (0x4)
                0x0000000000001c8c                __preinit_array_start = .
 *(.preinit_array)
                0x0000000000001c8c                __preinit_array_end = .
                0x0000000000001c8c                . = ALIGN (0x4)
                0x0000000000001c8c                __init_array_start = .
 *(SORT_BY_NAME(.init_array.*))
 *(.init_array)
                0x0000000000001c8c                __init_array_end = .
                0x0000000000001c8c                . = ALIGN (0x4)
 *crtbegin.o(.ctors)
 *(EXCLUDE_FILE(*crtend.o) .ctors)
 *(SORT_BY_NAME(.ctors.*))
 *crtend.o(.ctors)
                0x0000000000001c8c                . = ALIGN (0x4)
                0x0000000000001c8c                _efixed = .
                [!provide]                        PROVIDE (__exidx_start = .)

.vfp11_veneer   0x0000000000001c8c        0x0
 .vfp11_veneer  0x0000000000001c8c        0x0 linker stubs

.v4_bx          0x0000000000001c8c        0x0
 .v4_bx         0x0000000000001c8c        0x0 linker stubs

.iplt           0x0000000000001c8c        0x0
 .iplt          0x0000000000001c8c        0x0 build/escornabot_makech/flash_samd21.o

.igot.plt       0x0000000000001c8c        0x0
 .igot.plt      0x0000000000001c8c        0x0 build/escornabot_makech/flash_samd21.o

.rel.dyn        0x0000000000001c8c        0x0
 .rel.iplt      0x0000000000001c8c        0x0 build/escornabot_makech/flash_samd21.o

.ARM.exidx
 *(.ARM.exidx* .gnu.linkonce.armexidx.*)
                [!provide]                        PROVIDE (__exidx_end = .)
                0x0000000000001c8c                . = ALIGN (0x4)
                0x0000000000001c8c                _etext = .

.relocate       0x0000000020000000      0x1cc load address 0x0000000000001c8c
                0x0000000020000000                . = ALIGN (0x4)
                0x0000000020000000                _srelocate = .
 *(.ramfunc .ramfunc.*)
 *(.data .data.*)
 .data.led_tick_step
                0x0000000020000000        0x1 build/escornabot_makech/utils.o
                0x0000000020000000                led_tick_step
 .data.limit    0x0000000020000001        0x1 build/escornabot_makech/utils.o
 *fill*         0x0000000020000002        0x2 
 .data.bosDescriptor
                0x0000000020000004       0x39 build/escornabot_makech/cdc_enumerate.o
 *fill*         0x000000002000003d        0x3 
 .data.cfgDescriptor
                0x0000000020000040       0x99 build/escornabot_makech/cdc_enumerate.o
                0x0000000020000040                cfgDescriptor
 *fill*         0x00000000200000d9        0x3 
 .data.hidCfgDescriptor
                0x00000000200000dc        0x9 build/escornabot_makech/cdc_enumerate.o
                0x00000000200000dc                hidCfgDescriptor
 *fill*         0x00000000200000e5        0x3 
 .data.line_coding
                0x00000000200000e8        0x8 build/escornabot_makech/cdc_enumerate.o
 .data.msOS20Descriptor
                0x00000000200000f0       0xaa build/escornabot_makech/cdc_enumerate.o
 .data.udi_msc_csw
                0x000000002000019a        0xd build/escornabot_makech/msc.o
 *fill*         0x00000000200001a7        0x1 
 .data.udi_msc_inquiry_data.12057
                0x00000000200001a8       0x24 build/escornabot_makech/msc.o
                0x00000000200001cc                . = ALIGN (0x4)
                0x00000000200001cc                _erelocate = .

.bss            0x00000000200001cc      0xc08 load address 0x0000000000001e58
                0x00000000200001cc                . = ALIGN (0x4)
                0x00000000200001cc                _sbss = .
                0x00000000200001cc                _szero = .
 *(.bss .bss.*)
 .bss.crcCache  0x00000000200001cc      0x200 build/escornabot_makech/usart_sam_ba.o
 .bss.now       0x00000000200003cc        0x4 build/escornabot_makech/utils.o
 .bss.signal_end
                0x00000000200003d0        0x4 build/escornabot_makech/utils.o
 .bss.timerLow  0x00000000200003d4        0x4 build/escornabot_makech/utils.o
 .bss.currentConfiguration
                0x00000000200003d8        0x1 build/escornabot_makech/cdc_enumerate.o
 .bss.serial_number
                0x00000000200003d9       0x21 build/escornabot_makech/cdc_enumerate.o
 .bss.wLength   0x00000000200003fa        0x2 build/escornabot_makech/cdc_enumerate.o
 .bss.main_b_cdc_enable
                0x00000000200003fc        0x1 build/escornabot_makech/main.o
 *fill*         0x00000000200003fd        0x3 
 .bss.block_buffer
                0x0000000020000400      0x200 build/escornabot_makech/msc.o
 .bss.sense.12080
                0x0000000020000600       0x14 build/escornabot_makech/msc.o
 .bss.udi_msc_capacity.12090
                0x0000000020000614        0x8 build/escornabot_makech/msc.o
 .bss.udi_msc_cbw
                0x000000002000061c       0x1f build/escornabot_makech/msc.o
 .bss.udi_msc_sense
                0x000000002000063b       0x12 build/escornabot_makech/msc.o
 *fill*         0x000000002000064d        0x3 
 .bss.usbWriteState
                0x0000000020000650       0x98 build/escornabot_makech/msc.o
 .bss.b_sam_ba_interface_usart
                0x00000000200006e8        0x1 build/escornabot_makech/sam_ba_monitor.o
                0x00000000200006e8                b_sam_ba_interface_usart
 *fill*         0x00000000200006e9        0x3 
 .bss.src_buff_addr.11502
                0x00000000200006ec        0x4 build/escornabot_makech/sam_ba_monitor.o
 .bss.hidbufData
                0x00000000200006f0      0x188 build/escornabot_makech/hid.o
 .bss.webbufData
                0x0000000020000878      0x188 build/escornabot_makech/hid.o
 *(COMMON)
 COMMON         0x0000000020000a00        0x8 build/escornabot_makech/utils.o
                0x0000000020000a00                timerHigh
                0x0000000020000a04                resetHorizon
 COMMON         0x0000000020000a08      0x364 build/escornabot_makech/cdc_enumerate.o
                0x0000000020000a08                ctrlOutCache
                0x0000000020000a4c                usb_endpoint_table
                0x0000000020000b4c                endpointCache
 COMMON         0x0000000020000d6c       0x68 build/escornabot_makech/sam_ba_monitor.o
                0x0000000020000d6c                j
                0x0000000020000d70                length
                0x0000000020000d74                ptr
                0x0000000020000d78                command
                0x0000000020000d7c                i
                0x0000000020000d80                data
                0x0000000020000dc4                ptr_data
                0x0000000020000dc8                sp
                0x0000000020000dcc                current_number
                0x0000000020000dd0                u32tmp
                0x0000000020000dd4                . = ALIGN (0x4)
                0x0000000020000dd4                _ebss = .
                0x0000000020000dd4                _ezero = .

.stack          0x0000000020000dd4     0x2004 load address 0x0000000000002a60
                0x0000000020000dd8                . = ALIGN (0x8)
 *fill*         0x0000000020000dd4        0x4 
                0x0000000020000dd8                _sstack = .
                0x0000000020002dd8                . = (. + STACK_SIZE)
 *fill*         0x0000000020000dd8     0x2000 
                0x0000000020002dd8                . = ALIGN (0x8)
                0x0000000020002dd8                _estack = .
                0x0000000020002dd8                . = ALIGN (0x4)
                0x0000000020002dd8                _end = .
                0x0000000000001ff0                _binfo_start = 0x1ff0

.binfo          0x0000000000001ff0       0x10
 *(.binfo)
 .binfo         0x0000000000001ff0       0x10 build/escornabot_makech/msc.o
                0x0000000000001ff0                binfo
OUTPUT(build/escornabot_makech/bootloader-escornabot_makech-v3.3.0-60-gd8dcad0-dirty.elf elf32-littlearm)

.debug_info     0x0000000000000000    0x17e7e
 .debug_info    0x0000000000000000      0xfa6 build/escornabot_makech/flash_samd21.o
 .debug_info    0x0000000000000fa6     0x2335 build/escornabot_makech/init_samd21.o
 .debug_info    0x00000000000032db     0x35c5 build/escornabot_makech/startup_samd21.o
 .debug_info    0x00000000000068a0     0x3d04 build/escornabot_makech/usart_sam_ba.o
 .debug_info    0x000000000000a5a4     0x122a build/escornabot_makech/utils.o
 .debug_info    0x000000000000b7ce     0x4435 build/escornabot_makech/cdc_enumerate.o
 .debug_info    0x000000000000fc03      0xfe0 build/escornabot_makech/fat.o
 .debug_info    0x0000000000010be3     0x1977 build/escornabot_makech/main.o
 .debug_info    0x000000000001255a     0x38bb build/escornabot_makech/msc.o
 .debug_info    0x0000000000015e15      0xe01 build/escornabot_makech/sam_ba_monitor.o
 .debug_info    0x0000000000016c16     0x1268 build/escornabot_makech/hid.o

.debug_abbrev   0x0000000000000000     0x27e4
 .debug_abbrev  0x0000000000000000      0x2c1 build/escornabot_makech/flash_samd21.o
 .debug_abbrev  0x00000000000002c1      0x32c build/escornabot_makech/init_samd21.o
 .debug_abbrev  0x00000000000005ed      0x25b build/escornabot_makech/startup_samd21.o
 .debug_abbrev  0x0000000000000848      0x48b build/escornabot_makech/usart_sam_ba.o
 .debug_abbrev  0x0000000000000cd3      0x366 build/escornabot_makech/utils.o
 .debug_abbrev  0x0000000000001039      0x4da build/escornabot_makech/cdc_enumerate.o
 .debug_abbrev  0x0000000000001513      0x319 build/escornabot_makech/fat.o
 .debug_abbrev  0x000000000000182c      0x35d build/escornabot_makech/main.o
 .debug_abbrev  0x0000000000001b89      0x4fd build/escornabot_makech/msc.o
 .debug_abbrev  0x0000000000002086      0x386 build/escornabot_makech/sam_ba_monitor.o
 .debug_abbrev  0x000000000000240c      0x3d8 build/escornabot_makech/hid.o

.debug_loc      0x0000000000000000     0x28a5
 .debug_loc     0x0000000000000000      0x3a6 build/escornabot_makech/flash_samd21.o
 .debug_loc     0x00000000000003a6       0x78 build/escornabot_makech/init_samd21.o
 .debug_loc     0x000000000000041e       0x2b build/escornabot_makech/startup_samd21.o
 .debug_loc     0x0000000000000449      0x7d4 build/escornabot_makech/usart_sam_ba.o
 .debug_loc     0x0000000000000c1d      0x143 build/escornabot_makech/utils.o
 .debug_loc     0x0000000000000d60      0xb1e build/escornabot_makech/cdc_enumerate.o
 .debug_loc     0x000000000000187e      0x4b7 build/escornabot_makech/fat.o
 .debug_loc     0x0000000000001d35       0x6e build/escornabot_makech/main.o
 .debug_loc     0x0000000000001da3      0x495 build/escornabot_makech/msc.o
 .debug_loc     0x0000000000002238      0x1d5 build/escornabot_makech/sam_ba_monitor.o
 .debug_loc     0x000000000000240d      0x498 build/escornabot_makech/hid.o

.debug_aranges  0x0000000000000000      0x390
 .debug_aranges
                0x0000000000000000       0x48 build/escornabot_makech/flash_samd21.o
 .debug_aranges
                0x0000000000000048       0x38 build/escornabot_makech/init_samd21.o
 .debug_aranges
                0x0000000000000080       0x30 build/escornabot_makech/startup_samd21.o
 .debug_aranges
                0x00000000000000b0       0x88 build/escornabot_makech/usart_sam_ba.o
 .debug_aranges
                0x0000000000000138       0x68 build/escornabot_makech/utils.o
 .debug_aranges
                0x00000000000001a0       0x98 build/escornabot_makech/cdc_enumerate.o
 .debug_aranges
                0x0000000000000238       0x30 build/escornabot_makech/fat.o
 .debug_aranges
                0x0000000000000268       0x20 build/escornabot_makech/main.o
 .debug_aranges
                0x0000000000000288       0x80 build/escornabot_makech/msc.o
 .debug_aranges
                0x0000000000000308       0x40 build/escornabot_makech/sam_ba_monitor.o
 .debug_aranges
                0x0000000000000348       0x48 build/escornabot_makech/hid.o

.debug_ranges   0x0000000000000000      0x580
 .debug_ranges  0x0000000000000000       0x70 build/escornabot_makech/flash_samd21.o
 .debug_ranges  0x0000000000000070       0x48 build/escornabot_makech/init_samd21.o
 .debug_ranges  0x00000000000000b8       0x20 build/escornabot_makech/startup_samd21.o
 .debug_ranges  0x00000000000000d8       0x78 build/escornabot_makech/usart_sam_ba.o
 .debug_ranges  0x0000000000000150       0x90 build/escornabot_makech/utils.o
 .debug_ranges  0x00000000000001e0       0xf0 build/escornabot_makech/cdc_enumerate.o
 .debug_ranges  0x00000000000002d0       0xc8 build/escornabot_makech/fat.o
 .debug_ranges  0x0000000000000398       0x28 build/escornabot_makech/main.o
 .debug_ranges  0x00000000000003c0       0xd8 build/escornabot_makech/msc.o
 .debug_ranges  0x0000000000000498       0x60 build/escornabot_makech/sam_ba_monitor.o
 .debug_ranges  0x00000000000004f8       0x88 build/escornabot_makech/hid.o

.debug_line     0x0000000000000000     0x2bde
 .debug_line    0x0000000000000000      0x346 build/escornabot_makech/flash_samd21.o
 .debug_line    0x0000000000000346      0x34f build/escornabot_makech/init_samd21.o
 .debug_line    0x0000000000000695      0x252 build/escornabot_makech/startup_samd21.o
 .debug_line    0x00000000000008e7      0x4dc build/escornabot_makech/usart_sam_ba.o
 .debug_line    0x0000000000000dc3      0x3cf build/escornabot_makech/utils.o
 .debug_line    0x0000000000001192      0x614 build/escornabot_makech/cdc_enumerate.o
 .debug_line    0x00000000000017a6      0x404 build/escornabot_makech/fat.o
 .debug_line    0x0000000000001baa      0x351 build/escornabot_makech/main.o
 .debug_line    0x0000000000001efb      0x57f build/escornabot_makech/msc.o
 .debug_line    0x000000000000247a      0x3af build/escornabot_makech/sam_ba_monitor.o
 .debug_line    0x0000000000002829      0x3b5 build/escornabot_makech/hid.o

.debug_str      0x0000000000000000     0x3df3
 .debug_str     0x0000000000000000      0x730 build/escornabot_makech/flash_samd21.o
                                        0x813 (size before relaxing)
 .debug_str     0x0000000000000730      0x6f4 build/escornabot_makech/init_samd21.o
                                        0xea3 (size before relaxing)
 .debug_str     0x0000000000000e24      0xedd build/escornabot_makech/startup_samd21.o
                                       0x1366 (size before relaxing)
 .debug_str     0x0000000000001d01      0xc48 build/escornabot_makech/usart_sam_ba.o
                                       0x13de (size before relaxing)
 .debug_str     0x0000000000002949       0xc3 build/escornabot_makech/utils.o
                                        0x87e (size before relaxing)
 .debug_str     0x0000000000002a0c      0x43e build/escornabot_makech/cdc_enumerate.o
                                       0x164b (size before relaxing)
 .debug_str     0x0000000000002e4a      0x29f build/escornabot_makech/fat.o
                                        0x90e (size before relaxing)
 .debug_str     0x00000000000030e9       0x86 build/escornabot_makech/main.o
                                        0xb0d (size before relaxing)
 .debug_str     0x000000000000316f      0x9dc build/escornabot_makech/msc.o
                                       0x18d2 (size before relaxing)
 .debug_str     0x0000000000003b4b       0xa9 build/escornabot_makech/sam_ba_monitor.o
                                        0x7b7 (size before relaxing)
 .debug_str     0x0000000000003bf4      0x1ff build/escornabot_makech/hid.o
                                        0x8f9 (size before relaxing)

.comment        0x0000000000000000       0x7f
 .comment       0x0000000000000000       0x7f build/escornabot_makech/flash_samd21.o
                                         0x80 (size before relaxing)
 .comment       0x000000000000007f       0x80 build/escornabot_makech/init_samd21.o
 .comment       0x000000000000007f       0x80 build/escornabot_makech/startup_samd21.o
 .comment       0x000000000000007f       0x80 build/escornabot_makech/usart_sam_ba.o
 .comment       0x000000000000007f       0x80 build/escornabot_makech/utils.o
 .comment       0x000000000000007f       0x80 build/escornabot_makech/cdc_enumerate.o
 .comment       0x000000000000007f       0x80 build/escornabot_makech/fat.o
 .comment       0x000000000000007f       0x80 build/escornabot_makech/main.o
 .comment       0x000000000000007f       0x80 build/escornabot_makech/msc.o
 .comment       0x000000000000007f       0x80 build/escornabot_makech/sam_ba_monitor.o
 .comment       0x000000000000007f       0x80 build/escornabot_makech/hid.o

.ARM.attributes
                0x0000000000000000       0x30
 .ARM.attributes
                0x0000000000000000       0x32 build/escornabot_makech/flash_samd21.o
 .ARM.attributes
                0x0000000000000032       0x32 build/escornabot_makech/init_samd21.o
 .ARM.attributes
                0x0000000000000064       0x32 build/escornabot_makech/startup_samd21.o
 .ARM.attributes
                0x0000000000000096       0x32 build/escornabot_makech/usart_sam_ba.o
 .ARM.attributes
                0x00000000000000c8       0x32 build/escornabot_makech/utils.o
 .ARM.attributes
                0x00000000000000fa       0x32 build/escornabot_makech/cdc_enumerate.o
 .ARM.attributes
                0x000000000000012c       0x32 build/escornabot_makech/fat.o
 .ARM.attributes
                0x000000000000015e       0x32 build/escornabot_makech/main.o
 .ARM.attributes
                0x0000000000000190       0x32 build/escornabot_makech/msc.o
 .ARM.attributes
                0x00000000000001c2       0x32 build/escornabot_makech/sam_ba_monitor.o
 .ARM.attributes
                0x00000000000001f4       0x32 build/escornabot_makech/hid.o
 .ARM.attributes
                0x0000000000000226       0x1e /usr/local/Caskroom/gcc-arm-embedded/7-2018-q2-update/gcc-arm-none-eabi-7-2018-q2-update/bin/../lib/gcc/arm-none-eabi/7.3.1/thumb/v6-m/libgcc.a(_thumb1_case_uqi.o)
 .ARM.attributes
                0x0000000000000244       0x2c /usr/local/Caskroom/gcc-arm-embedded/7-2018-q2-update/gcc-arm-none-eabi-7-2018-q2-update/bin/../lib/gcc/arm-none-eabi/7.3.1/../../../../arm-none-eabi/lib/thumb/v6-m/libg_nano.a(lib_a-memcpy-stub.o)
 .ARM.attributes
                0x0000000000000270       0x2c /usr/local/Caskroom/gcc-arm-embedded/7-2018-q2-update/gcc-arm-none-eabi-7-2018-q2-update/bin/../lib/gcc/arm-none-eabi/7.3.1/../../../../arm-none-eabi/lib/thumb/v6-m/libg_nano.a(lib_a-memset.o)
 .ARM.attributes
                0x000000000000029c       0x1c /usr/local/Caskroom/gcc-arm-embedded/7-2018-q2-update/gcc-arm-none-eabi-7-2018-q2-update/bin/../lib/gcc/arm-none-eabi/7.3.1/../../../../arm-none-eabi/lib/thumb/v6-m/libg_nano.a(lib_a-strlen.o)

.debug_frame    0x0000000000000000      0x934
 .debug_frame   0x0000000000000000       0xb4 build/escornabot_makech/flash_samd21.o
 .debug_frame   0x00000000000000b4       0x68 build/escornabot_makech/init_samd21.o
 .debug_frame   0x000000000000011c       0x4c build/escornabot_makech/startup_samd21.o
 .debug_frame   0x0000000000000168      0x184 build/escornabot_makech/usart_sam_ba.o
 .debug_frame   0x00000000000002ec       0xcc build/escornabot_makech/utils.o
 .debug_frame   0x00000000000003b8      0x1d0 build/escornabot_makech/cdc_enumerate.o
 .debug_frame   0x0000000000000588       0x68 build/escornabot_makech/fat.o
 .debug_frame   0x00000000000005f0       0x34 build/escornabot_makech/main.o
 .debug_frame   0x0000000000000624      0x170 build/escornabot_makech/msc.o
 .debug_frame   0x0000000000000794       0x98 build/escornabot_makech/sam_ba_monitor.o
 .debug_frame   0x000000000000082c       0xc0 build/escornabot_makech/hid.o
 .debug_frame   0x00000000000008ec       0x28 /usr/local/Caskroom/gcc-arm-embedded/7-2018-q2-update/gcc-arm-none-eabi-7-2018-q2-update/bin/../lib/gcc/arm-none-eabi/7.3.1/../../../../arm-none-eabi/lib/thumb/v6-m/libg_nano.a(lib_a-memcpy-stub.o)
 .debug_frame   0x0000000000000914       0x20 /usr/local/Caskroom/gcc-arm-embedded/7-2018-q2-update/gcc-arm-none-eabi-7-2018-q2-update/bin/../lib/gcc/arm-none-eabi/7.3.1/../../../../arm-none-eabi/lib/thumb/v6-m/libg_nano.a(lib_a-memset.o)

Cross Reference Table

Symbol                                            File
AC_Handler                                        build/escornabot_makech/startup_samd21.o
ADC_Handler                                       build/escornabot_makech/startup_samd21.o
AT91F_InitUSB                                     build/escornabot_makech/cdc_enumerate.o
AT91F_USB_SendZlp                                 build/escornabot_makech/cdc_enumerate.o
DAC_Handler                                       build/escornabot_makech/startup_samd21.o
DMAC_Handler                                      build/escornabot_makech/startup_samd21.o
Dummy_Handler                                     build/escornabot_makech/startup_samd21.o
EIC_Handler                                       build/escornabot_makech/startup_samd21.o
EVSYS_Handler                                     build/escornabot_makech/startup_samd21.o
HardFault_Handler                                 build/escornabot_makech/startup_samd21.o
I2S_Handler                                       build/escornabot_makech/startup_samd21.o
NMI_Handler                                       build/escornabot_makech/startup_samd21.o
NVMCTRL_Handler                                   build/escornabot_makech/startup_samd21.o
PM_Handler                                        build/escornabot_makech/startup_samd21.o
PTC_Handler                                       build/escornabot_makech/startup_samd21.o
PendSV_Handler                                    build/escornabot_makech/startup_samd21.o
RGBLED_set_color                                  build/escornabot_makech/utils.o
                                                  build/escornabot_makech/sam_ba_monitor.o
                                                  build/escornabot_makech/main.o
RTC_Handler                                       build/escornabot_makech/startup_samd21.o
Reset_Handler                                     build/escornabot_makech/startup_samd21.o
SERCOM0_Handler                                   build/escornabot_makech/startup_samd21.o
SERCOM1_Handler                                   build/escornabot_makech/startup_samd21.o
SERCOM2_Handler                                   build/escornabot_makech/startup_samd21.o
SERCOM3_Handler                                   build/escornabot_makech/startup_samd21.o
SERCOM4_Handler                                   build/escornabot_makech/startup_samd21.o
SERCOM5_Handler                                   build/escornabot_makech/startup_samd21.o
SVC_Handler                                       build/escornabot_makech/startup_samd21.o
SYSCTRL_Handler                                   build/escornabot_makech/startup_samd21.o
SysTick_Handler                                   build/escornabot_makech/init_samd21.o
TC3_Handler                                       build/escornabot_makech/startup_samd21.o
TC4_Handler                                       build/escornabot_makech/startup_samd21.o
TC5_Handler                                       build/escornabot_makech/startup_samd21.o
TCC0_Handler                                      build/escornabot_makech/startup_samd21.o
TCC1_Handler                                      build/escornabot_makech/startup_samd21.o
TCC2_Handler                                      build/escornabot_makech/startup_samd21.o
USB_Handler                                       build/escornabot_makech/startup_samd21.o
USB_Ok                                            build/escornabot_makech/cdc_enumerate.o
                                                  build/escornabot_makech/msc.o
                                                  build/escornabot_makech/main.o
USB_Read                                          build/escornabot_makech/cdc_enumerate.o
USB_ReadBlocking                                  build/escornabot_makech/cdc_enumerate.o
                                                  build/escornabot_makech/msc.o
USB_ReadCore                                      build/escornabot_makech/cdc_enumerate.o
                                                  build/escornabot_makech/hid.o
                                                  build/escornabot_makech/msc.o
USB_Write                                         build/escornabot_makech/cdc_enumerate.o
                                                  build/escornabot_makech/msc.o
USB_WriteCore                                     build/escornabot_makech/cdc_enumerate.o
                                                  build/escornabot_makech/hid.o
                                                  build/escornabot_makech/msc.o
WDT_Handler                                       build/escornabot_makech/startup_samd21.o
__gnu_thumb1_case_uqi                             /usr/local/Caskroom/gcc-arm-embedded/7-2018-q2-update/gcc-arm-none-eabi-7-2018-q2-update/bin/../lib/gcc/arm-none-eabi/7.3.1/thumb/v6-m/libgcc.a(_thumb1_case_uqi.o)
                                                  build/escornabot_makech/hid.o
_erelocate                                        build/escornabot_makech/startup_samd21.o
_estack                                           build/escornabot_makech/startup_samd21.o
_etext                                            build/escornabot_makech/startup_samd21.o
_ezero                                            build/escornabot_makech/startup_samd21.o
_sfixed                                           build/escornabot_makech/startup_samd21.o
_srelocate                                        build/escornabot_makech/startup_samd21.o
_szero                                            build/escornabot_makech/startup_samd21.o
add_crc                                           build/escornabot_makech/usart_sam_ba.o
                                                  build/escornabot_makech/hid.o
                                                  build/escornabot_makech/sam_ba_monitor.o
arrowLogo                                         build/escornabot_makech/images.o
b_sam_ba_interface_usart                          build/escornabot_makech/sam_ba_monitor.o
b_sharp_received                                  build/escornabot_makech/usart_sam_ba.o
binfo                                             build/escornabot_makech/msc.o
buffer_rx_usart                                   build/escornabot_makech/usart_sam_ba.o
buffer_tx_usart                                   build/escornabot_makech/usart_sam_ba.o
call_applet                                       build/escornabot_makech/sam_ba_monitor.o
cdc_is_rx_ready                                   build/escornabot_makech/cdc_enumerate.o
cdc_read_buf                                      build/escornabot_makech/cdc_enumerate.o
                                                  build/escornabot_makech/sam_ba_monitor.o
cdc_read_buf_xmd                                  build/escornabot_makech/cdc_enumerate.o
                                                  build/escornabot_makech/sam_ba_monitor.o
cdc_write_buf                                     build/escornabot_makech/cdc_enumerate.o
                                                  build/escornabot_makech/sam_ba_monitor.o
cdc_write_buf_xmd                                 build/escornabot_makech/cdc_enumerate.o
                                                  build/escornabot_makech/sam_ba_monitor.o
cfgDescriptor                                     build/escornabot_makech/cdc_enumerate.o
command                                           build/escornabot_makech/sam_ba_monitor.o
copy_words                                        build/escornabot_makech/flash_samd21.o
                                                  build/escornabot_makech/hid.o
ctrlOutCache                                      build/escornabot_makech/cdc_enumerate.o
current_number                                    build/escornabot_makech/sam_ba_monitor.o
data                                              build/escornabot_makech/sam_ba_monitor.o
delay                                             build/escornabot_makech/utils.o
                                                  build/escornabot_makech/main.o
devDescriptor                                     build/escornabot_makech/cdc_enumerate.o
endpointCache                                     build/escornabot_makech/cdc_enumerate.o
error_timeout                                     build/escornabot_makech/usart_sam_ba.o
exception_table                                   build/escornabot_makech/startup_samd21.o
fileLogo                                          build/escornabot_makech/images.o
flash_erase_row                                   build/escornabot_makech/flash_samd21.o
flash_erase_to_end                                build/escornabot_makech/flash_samd21.o
                                                  build/escornabot_makech/sam_ba_monitor.o
flash_write                                       build/escornabot_makech/flash_samd21.o
flash_write_row                                   build/escornabot_makech/flash_samd21.o
                                                  build/escornabot_makech/hid.o
                                                  build/escornabot_makech/fat.o
flash_write_words                                 build/escornabot_makech/flash_samd21.o
                                                  build/escornabot_makech/sam_ba_monitor.o
font8                                             build/escornabot_makech/images.o
g_interrupt_enabled                               build/escornabot_makech/init_samd21.o
getPacket                                         build/escornabot_makech/usart_sam_ba.o
handoverPrep                                      build/escornabot_makech/msc.o
                                                  build/escornabot_makech/hid.o
hidCfgDescriptor                                  build/escornabot_makech/cdc_enumerate.o
hidDescriptor                                     build/escornabot_makech/cdc_enumerate.o
hidHandoverLoop                                   build/escornabot_makech/hid.o
                                                  build/escornabot_makech/msc.o
i                                                 build/escornabot_makech/sam_ba_monitor.o
idx_rx_read                                       build/escornabot_makech/usart_sam_ba.o
idx_rx_write                                      build/escornabot_makech/usart_sam_ba.o
idx_tx_read                                       build/escornabot_makech/usart_sam_ba.o
idx_tx_write                                      build/escornabot_makech/usart_sam_ba.o
indexFile                                         build/escornabot_makech/fat.o
infoUf2File                                       build/escornabot_makech/fat.o
                                                  build/escornabot_makech/hid.o
                                                  build/escornabot_makech/msc.o
j                                                 build/escornabot_makech/sam_ba_monitor.o
led_init                                          build/escornabot_makech/utils.o
                                                  build/escornabot_makech/main.o
led_signal                                        build/escornabot_makech/utils.o
                                                  build/escornabot_makech/sam_ba_monitor.o
                                                  build/escornabot_makech/msc.o
led_tick                                          build/escornabot_makech/utils.o
                                                  build/escornabot_makech/init_samd21.o
led_tick_step                                     build/escornabot_makech/utils.o
                                                  build/escornabot_makech/main.o
length                                            build/escornabot_makech/sam_ba_monitor.o
main                                              build/escornabot_makech/main.o
                                                  build/escornabot_makech/startup_samd21.o
memcpy                                            /usr/local/Caskroom/gcc-arm-embedded/7-2018-q2-update/gcc-arm-none-eabi-7-2018-q2-update/bin/../lib/gcc/arm-none-eabi/7.3.1/../../../../arm-none-eabi/lib/thumb/v6-m/libg_nano.a(lib_a-memcpy-stub.o)
                                                  build/escornabot_makech/hid.o
                                                  build/escornabot_makech/sam_ba_monitor.o
                                                  build/escornabot_makech/msc.o
                                                  build/escornabot_makech/fat.o
                                                  build/escornabot_makech/cdc_enumerate.o
memset                                            /usr/local/Caskroom/gcc-arm-embedded/7-2018-q2-update/gcc-arm-none-eabi-7-2018-q2-update/bin/../lib/gcc/arm-none-eabi/7.3.1/../../../../arm-none-eabi/lib/thumb/v6-m/libg_nano.a(lib_a-memset.o)
                                                  build/escornabot_makech/hid.o
                                                  build/escornabot_makech/msc.o
                                                  build/escornabot_makech/fat.o
                                                  build/escornabot_makech/cdc_enumerate.o
mode_of_transfer                                  build/escornabot_makech/usart_sam_ba.o
mscReset                                          build/escornabot_makech/msc.o
msc_reset                                         build/escornabot_makech/msc.o
padded_memcpy                                     build/escornabot_makech/fat.o
                                                  build/escornabot_makech/msc.o
panic                                             build/escornabot_makech/utils.o
pendriveLogo                                      build/escornabot_makech/images.o
process_core                                      build/escornabot_makech/hid.o
process_hid                                       build/escornabot_makech/hid.o
                                                  build/escornabot_makech/msc.o
process_msc                                       build/escornabot_makech/msc.o
                                                  build/escornabot_makech/sam_ba_monitor.o
ptr                                               build/escornabot_makech/sam_ba_monitor.o
ptr_data                                          build/escornabot_makech/sam_ba_monitor.o
put_uint32                                        build/escornabot_makech/sam_ba_monitor.o
read_block                                        build/escornabot_makech/fat.o
                                                  build/escornabot_makech/msc.o
recv_hf2                                          build/escornabot_makech/hid.o
resetHorizon                                      build/escornabot_makech/utils.o
                                                  build/escornabot_makech/main.o
                                                  build/escornabot_makech/fat.o
resetIntoApp                                      build/escornabot_makech/utils.o
                                                  build/escornabot_makech/hid.o
                                                  build/escornabot_makech/msc.o
resetIntoBootloader                               build/escornabot_makech/utils.o
                                                  build/escornabot_makech/hid.o
                                                  build/escornabot_makech/msc.o
reset_ep                                          build/escornabot_makech/cdc_enumerate.o
                                                  build/escornabot_makech/msc.o
sam_ba_monitor_init                               build/escornabot_makech/sam_ba_monitor.o
sam_ba_monitor_run                                build/escornabot_makech/sam_ba_monitor.o
                                                  build/escornabot_makech/main.o
sam_ba_putdata_term                               build/escornabot_makech/sam_ba_monitor.o
send_hf2                                          build/escornabot_makech/hid.o
send_hf2_response                                 build/escornabot_makech/hid.o
size_of_data                                      build/escornabot_makech/usart_sam_ba.o
sp                                                build/escornabot_makech/sam_ba_monitor.o
stall_ep                                          build/escornabot_makech/cdc_enumerate.o
                                                  build/escornabot_makech/msc.o
strlen                                            /usr/local/Caskroom/gcc-arm-embedded/7-2018-q2-update/gcc-arm-none-eabi-7-2018-q2-update/bin/../lib/gcc/arm-none-eabi/7.3.1/../../../../arm-none-eabi/lib/thumb/v6-m/libg_nano.a(lib_a-strlen.o)
                                                  build/escornabot_makech/hid.o
                                                  build/escornabot_makech/fat.o
                                                  build/escornabot_makech/cdc_enumerate.o
system_init                                       build/escornabot_makech/init_samd21.o
                                                  build/escornabot_makech/main.o
timerHigh                                         build/escornabot_makech/utils.o
                                                  build/escornabot_makech/main.o
                                                  build/escornabot_makech/fat.o
timerTick                                         build/escornabot_makech/utils.o
                                                  build/escornabot_makech/cdc_enumerate.o
try_read_cbw                                      build/escornabot_makech/msc.o
u32tmp                                            build/escornabot_makech/sam_ba_monitor.o
uart_basic_init                                   build/escornabot_makech/uart_driver.o
                                                  build/escornabot_makech/usart_sam_ba.o
uart_disable                                      build/escornabot_makech/uart_driver.o
                                                  build/escornabot_makech/usart_sam_ba.o
uart_drv_error_flag                               build/escornabot_makech/uart_driver.o
uart_get_sercom_index                             build/escornabot_makech/uart_driver.o
                                                  build/escornabot_makech/usart_sam_ba.o
uart_read_buffer_polled                           build/escornabot_makech/uart_driver.o
uart_read_byte                                    build/escornabot_makech/uart_driver.o
                                                  build/escornabot_makech/usart_sam_ba.o
uart_write_buffer_polled                          build/escornabot_makech/uart_driver.o
uart_write_byte                                   build/escornabot_makech/uart_driver.o
                                                  build/escornabot_makech/usart_sam_ba.o
udd_ep_set_halt                                   build/escornabot_makech/msc.o
udi_msc_csw_send                                  build/escornabot_makech/msc.o
usart_close                                       build/escornabot_makech/usart_sam_ba.o
usart_getc                                        build/escornabot_makech/usart_sam_ba.o
usart_getdata                                     build/escornabot_makech/usart_sam_ba.o
usart_getdata_xmd                                 build/escornabot_makech/usart_sam_ba.o
usart_is_rx_ready                                 build/escornabot_makech/usart_sam_ba.o
usart_open                                        build/escornabot_makech/usart_sam_ba.o
usart_putc                                        build/escornabot_makech/usart_sam_ba.o
usart_putdata                                     build/escornabot_makech/usart_sam_ba.o
usart_putdata_xmd                                 build/escornabot_makech/usart_sam_ba.o
usart_readc                                       build/escornabot_makech/usart_sam_ba.o
usart_sharp_received                              build/escornabot_makech/usart_sam_ba.o
usb_endpoint_table                                build/escornabot_makech/cdc_enumerate.o
usb_init                                          build/escornabot_makech/cdc_enumerate.o
                                                  build/escornabot_makech/main.o
writeNum                                          build/escornabot_makech/utils.o
                                                  build/escornabot_makech/sam_ba_monitor.o
                                                  build/escornabot_makech/cdc_enumerate.o
write_block                                       build/escornabot_makech/fat.o
                                                  build/escornabot_makech/msc.o
